// Vitest Snapshot v1, https://vitest.dev/guide/snapshot.html

exports[`<Car> > should render the component Car 1`] = `
{
  "asFragment": [Function],
  "baseElement": <body>
    <div>
      <div
        class="carPageWrapper"
      >
        <div
          class="topSection"
        >
          <div
            class="carImageBigWrapper"
          >
            <img
              alt="Ford Mustang"
              class="carImageBig"
              src="../pictures/Car4.jpg"
              width="800px"
            />
          </div>
          <div
            class="carDetailsWrapper"
          >
            <p
              class="carDetailsName"
            >
              Ford
               
              Mustang
            </p>
            <p
              class="carDetailsSpecs"
            >
              5
              litre 
              296
              Bhp 
              2
              dr
            </p>
            <p>
              Year: 
              2004
               (
              04
               
              plate)
            </p>
            <p>
              Mileage: 
              30000
               miles
            </p>
            <p>
              Previous owners: 
              3
            </p>
            <p
              class="priceText"
            >
              £
              25000
            </p>
            <div
              class="contactSellerWrapper"
            >
              <p
                class="contactSellerText"
              >
                speedyRider
              </p>
              <button
                class="contactSellerButton"
              >
                Contact Seller
              </button>
            </div>
          </div>
        </div>
      </div>
    </div>
  </body>,
  "container": <div>
    <div
      class="carPageWrapper"
    >
      <div
        class="topSection"
      >
        <div
          class="carImageBigWrapper"
        >
          <img
            alt="Ford Mustang"
            class="carImageBig"
            src="../pictures/Car4.jpg"
            width="800px"
          />
        </div>
        <div
          class="carDetailsWrapper"
        >
          <p
            class="carDetailsName"
          >
            Ford
             
            Mustang
          </p>
          <p
            class="carDetailsSpecs"
          >
            5
            litre 
            296
            Bhp 
            2
            dr
          </p>
          <p>
            Year: 
            2004
             (
            04
             
            plate)
          </p>
          <p>
            Mileage: 
            30000
             miles
          </p>
          <p>
            Previous owners: 
            3
          </p>
          <p
            class="priceText"
          >
            £
            25000
          </p>
          <div
            class="contactSellerWrapper"
          >
            <p
              class="contactSellerText"
            >
              speedyRider
            </p>
            <button
              class="contactSellerButton"
            >
              Contact Seller
            </button>
          </div>
        </div>
      </div>
    </div>
  </div>,
  "debug": [Function],
  "findAllByAltText": [Function],
  "findAllByDisplayValue": [Function],
  "findAllByLabelText": [Function],
  "findAllByPlaceholderText": [Function],
  "findAllByRole": [Function],
  "findAllByTestId": [Function],
  "findAllByText": [Function],
  "findAllByTitle": [Function],
  "findByAltText": [Function],
  "findByDisplayValue": [Function],
  "findByLabelText": [Function],
  "findByPlaceholderText": [Function],
  "findByRole": [Function],
  "findByTestId": [Function],
  "findByText": [Function],
  "findByTitle": [Function],
  "getAllByAltText": [Function],
  "getAllByDisplayValue": [Function],
  "getAllByLabelText": [Function],
  "getAllByPlaceholderText": [Function],
  "getAllByRole": [Function],
  "getAllByTestId": [Function],
  "getAllByText": [Function],
  "getAllByTitle": [Function],
  "getByAltText": [Function],
  "getByDisplayValue": [Function],
  "getByLabelText": [Function],
  "getByPlaceholderText": [Function],
  "getByRole": [Function],
  "getByTestId": [Function],
  "getByText": [Function],
  "getByTitle": [Function],
  "queryAllByAltText": [Function],
  "queryAllByDisplayValue": [Function],
  "queryAllByLabelText": [Function],
  "queryAllByPlaceholderText": [Function],
  "queryAllByRole": [Function],
  "queryAllByTestId": [Function],
  "queryAllByText": [Function],
  "queryAllByTitle": [Function],
  "queryByAltText": [Function],
  "queryByDisplayValue": [Function],
  "queryByLabelText": [Function],
  "queryByPlaceholderText": [Function],
  "queryByRole": [Function],
  "queryByTestId": [Function],
  "queryByText": [Function],
  "queryByTitle": [Function],
  "rerender": [Function],
  "unmount": [Function],
}
`;
